// Jest Snapshot v1, https://goo.gl/fbAQLP

exports[`tokens SectionStyles 1`] = `
Array [
  "
    border-radius: 20px;
	box-shadow: 20px 20px 60px rgb(0 0 0 / 20%), -20px -20px 60px rgb(255 255 255 / 5%);
	padding: 64px 48px;
	width: 900px;
	margin: 80px auto;
	transition: all 0.5s linear;

	@media screen and (max-width: 900px) {
		padding: 40px 20px;
		width: 560px;
	}

	@media screen and (max-width: 600px) {
		padding: 40px 20px;
		width: 335px;
	}
",
]
`;

exports[`tokens colours 1`] = `
Object {
  "hover": "#78A5CE",
  "jobTitle": "#878787",
}
`;

exports[`tokens darkTheme 1`] = `
Object {
  "background": "linear-gradient(to bottom right, #383838, #1E1E1E)",
  "border": "#EDEFE7",
  "fontColor": "white",
  "highlight": "#5198db",
  "imgShadow": "rgb(0 0 0 / 80%)",
  "primaryBackground": "#222",
  "secondarFontColor": "#AFB0B3",
  "secondaryBackground": "radial-gradient(118.99% 670.46% at -7.06% -9.5%,#191919 0%,#0a0a0a 100%)",
  "sectionBackground": "radial-gradient(118.99% 670.46% at -7.06% -9.5%,#191919 0%,#0a0a0a 100%)",
  "svgFill": "white",
}
`;

exports[`tokens lightTheme 1`] = `
Object {
  "background": "linear-gradient(to bottom right, #EDEBEF, #A6A7A4)",
  "border": "#32342B",
  "fontColor": "black",
  "highlight": "#3B68A9",
  "imgShadow": "rgb(0 0 0 / 5%)",
  "primaryBackground": "#eee",
  "secondarFontColor": "#525254",
  "secondaryBackground": "radial-gradient(118.99% 670.46% at -7.06% -9.5%,#FFFFFF 0%,#F1F1F1 100%)",
  "sectionBackground": "radial-gradient(118.99% 670.46% at -7.06% -9.5%,#FFFFFF 0%,#F1F1F1 100%)",
  "svgFill": "black",
}
`;
