// Jest Snapshot v1, https://goo.gl/fbAQLP

exports[`App component component matches snapshot 1`] = `
<Component
  theme={
    Object {
      "background": "linear-gradient(to bottom right, #EDEBEF, #A6A7A4)",
      "border": "#32342B",
      "fontColor": "black",
      "highlight": "#3B68A9",
      "primaryBackground": "#eee",
      "secondaryBackground": "radial-gradient(118.99% 670.46% at -7.06% -9.5%,#FFFFFF 0%,#F1F1F1 100%)",
      "sectionBackground": "radial-gradient(118.99% 670.46% at -7.06% -9.5%,#FFFFFF 0%,#F1F1F1 100%)",
      "svgFill": "black",
    }
  }
>
  <Memo(l) />
  <Toggle
    toggleTheme={[Function]}
  />
  <Introduction />
  <styled.main>
    <ProjectSection
      desc="Fun project to generate a color scheme based on a given Hue"
      link="https://github.com/j-hutchinson/ColorPalette"
      name="Color Scheme"
    />
    <JobSection
      desc="
    Software developer specialising in front end web development utilising JavaScript, React, GraphQL, Docker and AWS. 
    Responsible for Checkout.com's documentation and API Referencing"
      link="https://checkout.com/"
      name="Checkout.com"
      startDate="04/01/21"
      title="Senior Frontend Engineer"
    />
    <JobSection
      desc="
    Leading and designing the Front-end architecture within a cross-functional team developing a React web app and 
    GraphQL service supporting multiple teams. Responsible for multiple micro-frontends supporting mendeley.com"
      endDate="31/11/20"
      link="https://mendeley.com/search"
      name="Mendeley"
      startDate="04/09/17"
      title="Graduate Engineer â†’ Frontend Engineer"
    />
    <ContactMe />
  </styled.main>
</Component>
`;
