// Jest Snapshot v1, https://goo.gl/fbAQLP

exports[`ProjectSection component component matches snapshot with full profile 1`] = `
<styled.section>
  <styled.div>
    <styled.div>
      <styled.h3
        theme={
          Object {
            "background": "linear-gradient(to bottom right, #383838, #1E1E1E)",
            "border": "#EDEFE7",
            "fontColor": "white",
            "highlight": "#5198db",
            "imgShadow": "rgb(0 0 0 / 80%)",
            "primaryBackground": "#222",
            "secondarFontColor": "#AFB0B3",
            "secondaryBackground": "radial-gradient(118.99% 670.46% at -7.06% -9.5%,#191919 0%,#0a0a0a 100%)",
            "sectionBackground": "radial-gradient(118.99% 670.46% at -7.06% -9.5%,#191919 0%,#0a0a0a 100%)",
            "svgFill": "white",
          }
        }
      >
        name
      </styled.h3>
      <styled.h4>
        React Â· Typescript 
      </styled.h4>
      <Description
        desc="desc"
      />
    </styled.div>
    <styled.a
      rel="noopener noreferrer"
      target="_blank"
    >
      Github
    </styled.a>
  </styled.div>
  <styled.img
    alt="Screenshot from Color Scheme project"
    loading="lazy"
    src="colorScheme.png"
    theme={
      Object {
        "background": "linear-gradient(to bottom right, #383838, #1E1E1E)",
        "border": "#EDEFE7",
        "fontColor": "white",
        "highlight": "#5198db",
        "imgShadow": "rgb(0 0 0 / 80%)",
        "primaryBackground": "#222",
        "secondarFontColor": "#AFB0B3",
        "secondaryBackground": "radial-gradient(118.99% 670.46% at -7.06% -9.5%,#191919 0%,#0a0a0a 100%)",
        "sectionBackground": "radial-gradient(118.99% 670.46% at -7.06% -9.5%,#191919 0%,#0a0a0a 100%)",
        "svgFill": "white",
      }
    }
  />
</styled.section>
`;
